// Jest Snapshot v1, https://goo.gl/fbAQLP

exports[`Init renders correctly 1`] = `
<div
  aria-disabled="false"
  aria-expanded="true"
  aria-label="color picker"
  aria-roledescription="radial slider"
  aria-valuemax="359"
  aria-valuemin="0"
  aria-valuenow="0"
  aria-valuetext="red"
  class="rcp"
  role="slider"
  tabindex="0"
>
  <div
    class="rcp__palette in"
  >
    <canvas />
  </div>
   
  <div
    class="rcp__rotator"
    style="transform: rotate(0deg); will-change: transform;"
  >
    <div
      class="rcp__knob in"
    />
  </div>
   
  <div
    class="rcp__ripple"
    style="border-color: hsla(0, 100%, 50%, 1);"
  />
   
  <button
    aria-label="color well"
    class="rcp__well"
    style="background-color: hsl(0, 100%, 50%);"
    tabindex="0"
    type="button"
  />
</div>
`;
